<html>
<body>
<pre>
<h1>礦ision Build Log</h1>
<h2>Project:</h2>
D:\github库\电机资料\dianji\M2006电机资料\程序源码\MDK-ARM\demo.uvprojx
Project File Date:  03/01/2019

<h2>Output:</h2>
Rebuild target 'demo'
compiling stm32f4xx_hal_can.c...
compiling stm32f4xx_hal_gpio.c...
compiling stm32f4xx_hal_flash.c...
compiling stm32f4xx_hal_flash_ex.c...
compiling stm32f4xx_hal_cortex.c...
compiling stm32f4xx_hal_pwr.c...
compiling stm32f4xx_hal_flash_ramfunc.c...
compiling stm32f4xx_hal_uart.c...
compiling stm32f4xx_hal.c...
compiling stm32f4xx_hal_rcc_ex.c...
compiling stm32f4xx_hal_pwr_ex.c...
compiling stm32f4xx_hal_tim_ex.c...
compiling stm32f4xx_hal_tim.c...
compiling stm32f4xx_hal_dma_ex.c...
compiling stm32f4xx_hal_dma.c...
compiling stm32f4xx_hal_rcc.c...
compiling system_stm32f4xx.c...
assembling startup_stm32f427xx.s...
compiling bsp_can.c...
compiling pid.c...
compiling main.c...
compiling stm32f4xx_hal_msp.c...
compiling usart.c...
compiling stm32f4xx_hal_timebase_TIM.c...
compiling gpio.c...
compiling stm32f4xx_it.c...
compiling can.c...
compiling dma.c...
compiling Remote_Control.c...
compiling tim.c...
linking...
Program Size: Code=11308 RO-data=492 RW-data=44 ZI-data=2244  
"demo\demo.axf" - 0 Error(s), 0 Warning(s).

<h2>Software Packages used:</h2>

Package Vendor: ARM
                http://www.keil.com/pack/ARM.CMSIS.4.1.1.pack
                ARM::CMSIS:CORE:3.30.0
                CMSIS (Cortex Microcontroller Software Interface Standard)
   * Component: CORE Version: 3.30.0

<h2>Collection of Component include folders:</h2>
  D:\github库\电机资料\dianji\M2006电机资料\程序源码\MDK-ARM\RTE
  D:\k5\ARM\PACK\ARM\CMSIS\4.1.1\CMSIS\Include

<h2>Collection of Component Files used:</h2>

   * Component: ARM::CMSIS:CORE:3.30.0
      Source file:   CMSIS\UserCodeTemplates\ARM\ITM_Retarget.c
Load "demo\\demo.axf" 
Erase Done.
Programming Done.
Verify OK.
Application running ...
</pre>
</body>
</html>
